// Jest Snapshot v1, https://goo.gl/fbAQLP

exports[`Tabs should render correctly 1`] = `
<Value
  initial="1"
  onChange={[Function]}
/>
`;

exports[`Tabs should render with props absolute 1`] = `
<Value
  initial="1"
  onChange={[Function]}
/>
`;

exports[`Tabs should render with props pills 1`] = `
<Value
  initial="1"
  onChange={[Function]}
/>
`;
