// Jest Snapshot v1, https://goo.gl/fbAQLP

exports[`Tooltip should render tooltip correctly 1`] = `
.c0 {
  position: absolute;
  top: 0;
  left: 0;
  will-change: transform;
}

.c1 {
  border-radius: 0.5rem;
  background-color: rgba(25,29,40,0.9);
  color: #ffffff;
  font-size: 0.875rem;
  white-space: nowrap;
  padding: 0.5rem;
}

<body>
  <div>
    <span>
      target
    </span>
  </div>
  <div
    portal-container=""
  >
    <div
      style="position: fixed; top: 0px; left: 0px; z-index: 10;"
    >
      <div
        class="c0"
        style="transform: translate3d(-6px, -6px, 0px);"
      >
        <div
          style="opacity: 1; transform: scale(1); transform-origin: 6px 0px;"
        >
          <div
            class="c1"
          >
            Content
          </div>
        </div>
      </div>
    </div>
  </div>
</body>
`;
