// Jest Snapshot v1, https://goo.gl/fbAQLP

exports[`Heading should render correctly 1`] = `
.c0 {
  font-size: 1.75rem;
  margin: 0;
  color: #283040;
  font-weight: bold;
  line-height: 1.5;
}

.c1 {
  font-size: 1.5rem;
  margin: 0;
  color: #283040;
  font-weight: bold;
  line-height: 1.5;
}

.c2 {
  font-size: 1.25rem;
  margin: 0;
  color: #283040;
  font-weight: bold;
  line-height: 1.5;
}

.c3 {
  font-size: 1.125rem;
  margin: 0;
  color: #283040;
  font-weight: bold;
  line-height: 1.5;
}

.c4 {
  font-size: 1rem;
  margin: 0;
  color: #283040;
  font-weight: bold;
  line-height: 1.5;
}

.c5 {
  font-size: 0.875rem;
  margin: 0;
  color: #283040;
  font-weight: bold;
  line-height: 1.5;
}

<div>
  <h1
    class="c0"
  >
    H1 Heading 28px
  </h1>
  <h2
    class="c1"
  >
    H2 Heading 26px
  </h2>
  <h3
    class="c2"
  >
    H3 Heading 18px
  </h3>
  <h4
    class="c3"
  >
    H4 Heading 16px
  </h4>
  <h5
    class="c4"
  >
    H5 Heading 14px
  </h5>
  <h6
    class="c5"
  >
    H6 Heading 12px
  </h6>
</div>
`;

exports[`Heading should render different color heading 1`] = `
.c0 {
  font-size: 1.75rem;
  margin: 0;
  color: #283040;
  font-weight: bold;
  line-height: 1.5;
  color: #97a4ba;
}

<h1
  class="c0"
  color="gray400"
>
  H1 Heading
</h1>
`;
