// Jest Snapshot v1, https://goo.gl/fbAQLP

exports[`Container should render correctly 1`] = `
.c1 {
  display: -webkit-box;
  display: -webkit-flex;
  display: -ms-flexbox;
  display: flex;
  box-sizing: border-box;
}

.c3 {
  font-size: 1.125rem;
  margin: 0;
  color: #283040;
  font-weight: bold;
  line-height: 1.5;
  margin-bottom: 8px;
}

.c7 {
  font-size: 1rem;
  margin: 0;
  color: #283040;
  font-weight: bold;
  line-height: 1.5;
}

.c4 {
  background-color: #c4cfdd;
  display: block;
  width: 100%;
  min-width: 100%;
  height: 1px;
  margin: 1rem 0;
  clear: both;
  margin-top: 0.5rem;
  margin-bottom: 24px;
  margin-left: 0rem;
  margin-right: 0rem;
  color: #97a4ba;
  font-size: 0.875rem;
  font-weight: 500;
}

.c2 {
  -webkit-flex-direction: column;
  -ms-flex-direction: column;
  flex-direction: column;
  padding: 24px 32px 32px;
  border-radius: 1rem;
  background-color: #ffffff;
  box-shadow: 0 2px 4px 0 #e0e0e0;
  color: #283040;
  font-size: 1rem;
}

.c0 + .c0 {
  margin-top: 16px;
}

.c6 {
  -webkit-flex-direction: column;
  -ms-flex-direction: column;
  flex-direction: column;
}

.c5 + .c5 {
  margin-top: 32px;
}

.c8 {
  margin-bottom: 12px;
}

<div>
  <div>
    <div
      class="c0 c1 c2"
    >
      <h4
        class="c3"
      >
        Title A
      </h4>
      <div
        class="c4"
        color="gray400"
        font-size="sm"
        font-weight="500"
        type="horizontal"
      />
      <div
        class="c5 c1 c6"
      >
        <h5
          class="c7 c8"
        >
          Subtitle #1
        </h5>
        Subtitles are text derived from either a transcript or screenplay of the dialog or commentary in films.
      </div>
      <div
        class="c5 c1 c6"
      >
        <h5
          class="c7 c8"
        >
          Subtitle #2
        </h5>
        Subtitles are text derived from either a transcript or screenplay of the dialog or commentary in films.
      </div>
    </div>
    <div
      class="c0 c1 c2"
    >
      <h4
        class="c3"
      >
        Title B
      </h4>
      <div
        class="c4"
        color="gray400"
        font-size="sm"
        font-weight="500"
        type="horizontal"
      />
      <div
        class="c5 c1 c6"
      >
        <h5
          class="c7 c8"
        >
          Subtitle #1
        </h5>
        Subtitles are text derived from either a transcript or screenplay of the dialog or commentary in films.
      </div>
      <div
        class="c5 c1 c6"
      >
        <h5
          class="c7 c8"
        >
          Subtitle #2
        </h5>
        Subtitles are text derived from either a transcript or screenplay of the dialog or commentary in films.
      </div>
    </div>
  </div>
</div>
`;
