// Jest Snapshot v1, https://goo.gl/fbAQLP

exports[`useMessage should render message correctly 1`] = `
.c0 {
  display: -webkit-box;
  display: -webkit-flex;
  display: -ms-flexbox;
  display: flex;
  position: fixed;
  right: 10px;
  bottom: 10px;
  -webkit-flex-direction: column;
  -ms-flex-direction: column;
  flex-direction: column;
}

<body>
  <div>
    <button
      type="button"
    >
      button
    </button>
  </div>
  <div
    portal-container=""
  >
    <div
      style="position: fixed; top: 0px; left: 0px; z-index: 30;"
    >
      <div
        class="c0"
      />
    </div>
  </div>
</body>
`;
