// Jest Snapshot v1, https://goo.gl/fbAQLP

exports[`Switch should render correctly 1`] = `
.c0 {
  display: -webkit-inline-box;
  display: -webkit-inline-flex;
  display: -ms-inline-flexbox;
  display: inline-flex;
  position: relative;
  width: 40px;
  height: 20px;
}

.c0 input {
  display: none;
}

.c0 span {
  position: absolute;
  top: 0;
  right: 0;
  bottom: 0;
  left: 0;
  border-radius: 99px;
  background-color: #bfbfbf;
  -webkit-transition: 0.4s;
  transition: 0.4s;
  cursor: pointer;
}

.c0 span::before {
  content: '';
  position: absolute;
  bottom: 2px;
  left: 2px;
  width: 16px;
  height: 16px;
  border-radius: 50%;
  background-color: white;
  -webkit-transition: 0.4s;
  transition: 0.4s;
}

.c0 input:checked + span {
  background-color: #3c5ad0;
}

.c0 input:checked + span::before {
  -webkit-transform: translateX(20px);
  -ms-transform: translateX(20px);
  transform: translateX(20px);
}

.c0 input:disabled + span {
  opacity: 0.4;
}

.c0 input:disabled + span::before {
  opacity: 0.4;
}

<label
  class="c0"
>
  <input
    type="checkbox"
  />
  <span />
</label>
`;
